// Jest Snapshot v1, https://goo.gl/fbAQLP

exports[`Ratings should render with the correct items 1`] = `[Function]`;
