// Jest Snapshot v1, https://goo.gl/fbAQLP

exports[`ReviewList should render with the correct items 1`] = `[Function]`;
