// Jest Snapshot v1, https://goo.gl/fbAQLP

exports[`ReviewBody should render with the correct items 1`] = `[Function]`;
