// Jest Snapshot v1, https://goo.gl/fbAQLP

exports[`UserInfo should render with the correct items 1`] = `[Function]`;
